ï¿½ï¿½ï¿½@&ï¿½+
ï¿½ESP-ROM:esp32s3-20210327
Build:Mar 27 2021
rst:0x1 (POWERON),boot:0x29 (SPI_FAST_FLASH_BOOT)
SPIWP:0xee
mode:DIO, clock div:1
load:0x3fce3818,len:0x1758
load:0x403c9700,len:0x4
load:0x403c9704,len:0xc00
load:0x403cc700,len:0x2e04
entry 0x403c9908
[0;32mI (27) boot: ESP-IDF v5.1.2-dirty 2nd stage bootloader[0m
[0;32mI (27) boot: compile time Feb  2 2024 02:41:14[0m
[0;32mI (27) boot: Multicore bootloader[0m
[0;32mI (30) boot: chip revision: v0.1[0m
[0;32mI (34) boot.esp32s3: Boot SPI Speed : 80MHz[0m
[0;32mI (39) boot.esp32s3: SPI Mode       : DIO[0m
[0;32mI (44) boot.esp32s3: SPI Flash Size : 2MB[0m
[0;32mI (49) boot: Enabling RNG early entropy source...[0m
[0;32mI (54) boot: Partition Table:[0m
[0;32mI (57) boot: ## Label            Usage          Type ST Offset   Length[0m
[0;32mI (65) boot:  0 nvs              WiFi data        01 02 00009000 00006000[0m
[0;32mI (72) boot:  1 phy_init         RF data          01 01 0000f000 00001000[0m
[0;32mI (80) boot:  2 factory          factory app      00 00 00010000 00100000[0m
[0;32mI (87) boot: End of partition table[0m
[0;32mI (91) esp_image: segment 0: paddr=00010020 vaddr=3c020020 size=0b5ech ( 46572) map[0m
[0;32mI (108) esp_image: segment 1: paddr=0001b614 vaddr=3fc91400 size=0291ch ( 10524) load[0m
[0;32mI (111) esp_image: segment 2: paddr=0001df38 vaddr=40374000 size=020e0h (  8416) load[0m
[0;32mI (119) esp_image: segment 3: paddr=00020020 vaddr=42000020 size=1ca8ch (117388) map[0m
[0;32mI (146) esp_image: segment 4: paddr=0003cab4 vaddr=403760e0 size=0b2c4h ( 45764) load[0m
[0;32mI (157) esp_image: segment 5: paddr=00047d80 vaddr=600fe010 size=00004h (     4) load[0m
[0;32mI (163) boot: Loaded app from partition at offset 0x10000[0m
[0;32mI (163) boot: Disabling RNG early entropy source...[0m
[0;32mI (177) cpu_start: Multicore app[0m
[0;32mI (177) cpu_start: Pro cpu up.[0m
[0;32mI (177) cpu_start: Starting app cpu, entry point is 0x4037526c[0m
[0;32mI (0) cpu_start: App cpu up.[0m
[0;32mI (195) cpu_start: Pro cpu start user code[0m
[0;32mI (195) cpu_start: cpu freq: 160000000 Hz[0m
[0;32mI (196) cpu_start: Application information:[0m
[0;32mI (198) cpu_start: Project name:     hello_world[0m
[0;32mI (204) cpu_start: App version:      bc43c6b[0m
[0;32mI (209) cpu_start: Compile time:     Feb  2 2024 02:41:08[0m
[0;32mI (215) cpu_start: ELF file SHA256:  40ed675226113149...[0m
[0;32mI (221) cpu_start: ESP-IDF:          v5.1.2-dirty[0m
[0;32mI (226) cpu_start: Min chip rev:     v0.0[0m
[0;32mI (231) cpu_start: Max chip rev:     v0.99 [0m
[0;32mI (236) cpu_start: Chip rev:         v0.1[0m
[0;32mI (240) heap_init: Initializing. RAM available for dynamic allocation:[0m
[0;32mI (248) heap_init: At 3FC94620 len 000550F0 (340 KiB): DRAM[0m
[0;32mI (254) heap_init: At 3FCE9710 len 00005724 (21 KiB): STACK/DRAM[0m
[0;32mI (261) heap_init: At 3FCF0000 len 00008000 (32 KiB): DRAM[0m
[0;32mI (267) heap_init: At 600FE014 len 00001FD4 (7 KiB): RTCRAM[0m
[0;32mI (274) spi_flash: detected chip: gd[0m
[0;32mI (277) spi_flash: flash io: dio[0m
[0;33mW (281) spi_flash: Detected size(8192k) larger than the size in the binary image header(2048k). Using the size in the binary image header.[0m
[0;32mI (295) sleep: Configure to isolate all GPIO pins in sleep state[0m
[0;32mI (301) sleep: Enable automatic switching of GPIO sleep configuration[0m
[0;32mI (308) app_start: Starting scheduler on CPU0[0m
[0;32mI (313) app_start: Starting scheduler on CPU1[0m
[0;32mI (313) main_task: Started on CPU0[0m
[0;32mI (323) main_task: Calling app_main()[0m
[0;32mI (323) TauTuk: Example configured to blink GPIO LED![0m
[0;32mI (333) gpio: GPIO[19]| InputEn: 0| OutputEn: 0| OpenDrain: 0| Pullup: 1| Pulldown: 0| Intr:0 [0m
[0;32mI (343) TauTuk: calibration scheme version is Curve Fitting[0m
[0;32mI (353) TauTuk: ADC Calibration Success[0m
[0;32mI (353) TauTuk: Calibrating please wait.[0m
[0;32mI (353) TauTuk: ADC1 Channel[0] Raw Data: 121[0m
[0;32mI (363) TauTuk: ADC1 Channel[0] Cali Voltage: 104 mV[0m
[0;32mI (363) TauTuk: Sensor Voltage: 208.000000 mV[0m
.[0;32mI (373) TauTuk: ADC1 Channel[0] Raw Data: 121[0m
[0;32mI (373) TauTuk: ADC1 Channel[0] Cali Voltage: 104 mV[0m
[0;32mI (383) TauTuk: Sensor Voltage: 208.000000 mV[0m
.[0;32mI (393) TauTuk: ADC1 Channel[0] Raw Data: 120[0m
[0;32mI (393) TauTuk: ADC1 Channel[0] Cali Voltage: 103 mV[0m
[0;32mI (403) TauTuk: Sensor Voltage: 206.000000 mV[0m
.[0;32mI (403) TauTuk: ADC1 Channel[0] Raw Data: 119[0m
[0;32mI (413) TauTuk: ADC1 Channel[0] Cali Voltage: 102 mV[0m
[0;32mI (413) TauTuk: Sensor Voltage: 204.000000 mV[0m
.[0;32mI (423) TauTuk: ADC1 Channel[0] Raw Data: 122[0m
[0;32mI (423) TauTuk: ADC1 Channel[0] Cali Voltage: 105 mV[0m
[0;32mI (433) TauTuk: Sensor Voltage: 210.000000 mV[0m
.[0;32mI (433) TauTuk: ADC1 Channel[0] Raw Data: 119[0m
[0;32mI (443) TauTuk: ADC1 Channel[0] Cali Voltage: 102 mV[0m
[0;32mI (443) TauTuk: Sensor Voltage: 204.000000 mV[0m
.[0;32mI (453) TauTuk: ADC1 Channel[0] Raw Data: 119[0m
[0;32mI (453) TauTuk: ADC1 Channel[0] Cali Voltage: 102 mV[0m
[0;32mI (463) TauTuk: Sensor Voltage: 204.000000 mV[0m
.[0;32mI (463) TauTuk: ADC1 Channel[0] Raw Data: 120[0m
[0;32mI (473) TauTuk: ADC1 Channel[0] Cali Voltage: 103 mV[0m
[0;32mI (483) TauTuk: Sensor Voltage: 206.000000 mV[0m
.[0;32mI (483) TauTuk: ADC1 Channel[0] Raw Data: 120[0m
[0;32mI (493) TauTuk: ADC1 Channel[0] Cali Voltage: 103 mV[0m
[0;32mI (493) TauTuk: Sensor Voltage: 206.000000 mV[0m
.[0;32mI (503) TauTuk: ADC1 Channel[0] Raw Data: 121[0m
[0;32mI (503) TauTuk: ADC1 Channel[0] Cali Voltage: 104 mV[0m
[0;32mI (513) TauTuk: Sensor Voltage: 208.000000 mV[0m
.[0;32mI (513) TauTuk: calcR0 = 0.000000,  done!.[0m
[0;33mW (523) TauTuk: Warning: Conection issue found, R0 is zero (Analog pin shorts to ground) please check your wiring and supply[0m
[0;31mE (5323) task_wdt: Task watchdog got triggered. The following tasks/users did not reset the watchdog in time:[0m
[0;31mE (5323) task_wdt:  - IDLE (CPU 0)[0m
[0;31mE (5323) task_wdt: Tasks currently running:[0m
[0;31mE (5323) task_wdt: CPU 0: main[0m
[0;31mE (5323) task_wdt: CPU 1: IDLE[0m
[0;31mE (5323) task_wdt: Print CPU 0 (current core) backtrace[0m


Backtrace: 0x4200C322:0x3FC92260 0x4200C4CE:0x3FC92280 0x40376D11:0x3FC922A0 0x42008B81:0x3FC98130 0x4201C2B3:0x3FC98170 0x4037BED1:0x3FC981A0

[0;31mE (10323) task_wdt: Task watchdog got triggered. The following tasks/users did not reset the watchdog in time:[0m
[0;31mE (10323) task_wdt:  - IDLE (CPU 0)[0m
[0;31mE (10323) task_wdt: Tasks currently running:[0m
[0;31mE (10323) task_wdt: CPU 0: main[0m
[0;31mE (10323) task_wdt: CPU 1: IDLE[0m
[0;31mE (10323) task_wdt: Print CPU 0 (current core) backtrace[0m


Backtrace: 0x4200C322:0x3FC92260 0x4200C4CE:0x3FC92280 0x40376D11:0x3FC922A0 0x42008B81:0x3FC98130 0x4201C2B3:0x3FC98170 0x4037BED1:0x3FC981A0

